Microchip MPLAB XC8 Compiler V2.32

Linker command line:

-W-3 --edf=C:\Program Files\Microchip\xc8\v2.32\pic\dat\en_msgs.txt -cn \
  -h+dist/default/production\PQDB_ProjetoFinal.X.production.sym \
  --cmf=dist/default/production\PQDB_ProjetoFinal.X.production.cmf -z \
  -Q18F4520 -oC:\Users\mateu\AppData\Local\Temp\xcAs1djo.4 \
  --defsym=__MPLAB_BUILD=1 \
  -Mdist/default/production/PQDB_ProjetoFinal.X.production.map -E1 \
  -ver=XC8 Compiler --acfsm=1493 -ASTACK=080h-05FFh -pstack=STACK \
  -ACODE=00h-07FFFh -ACONST=00h-07FFFh -ASMALLCONST=0600h-06FFhx122 \
  -AMEDIUMCONST=0600h-07FFFh -ACOMRAM=01h-07Fh -AABS1=00h-05FFh \
  -ABIGRAM=01h-05FFh -ARAM=080h-0FFh,0100h-01FFhx5 -ABANK0=080h-0FFh \
  -ABANK1=0100h-01FFh -ABANK2=0200h-02FFh -ABANK3=0300h-03FFh \
  -ABANK4=0400h-04FFh -ABANK5=0500h-05FFh -ASFR=0F80h-0FFFh \
  -ACONFIG=0300000h-030000Dh -AIDLOC=0200000h-0200007h \
  -AEEDATA=0F00000h-0F000FFh -peeprom_data=EEDATA \
  -preset_vec=00h,intcode,intcodelo,powerup,init -pramtop=0600h \
  -psmallconst=SMALLCONST -pmediumconst=MEDIUMCONST -pconst=CONST \
  -AFARRAM=00h-00h \
  -prdata=COMRAM,nvrram=COMRAM,nvbit=COMRAM,rbss=COMRAM,rbit=COMRAM \
  -pfarbss=FARRAM,fardata=FARRAM,nvFARRAM=FARRAM \
  -pintsave_regs=BIGRAM,bigbss=BIGRAM,bigdata=BIGRAM -pbss=RAM \
  -pidata=CODE,irdata=CODE,ibigdata=CODE,ifardata=CODE -prparam=COMRAM \
  C:\Users\mateu\AppData\Local\Temp\xcAs1djo.o \
  dist/default/production\PQDB_ProjetoFinal.X.production.o 

Object code version is 3.11

Machine type is 18F4520



                Name                               Link     Load   Length Selector   Space Scale
C:\Users\mateu\AppData\Local\Temp\xcAs1djo.o
                idloc                            200000   200000        8        0       5
                config                           300000   300000        E        0       4
                init                                  0        0        4        0       0
dist/default/production\PQDB_ProjetoFinal.X.production.o
                idloc                            200000   200000        8        0       5
                config                           300000   300000        E        0       4
                mediumconst                        7DBA     7DBA      246     3EDD       0
                text35                             5646     5646       74     2B23       0
                text34                             55E2     55E2       64     2AF1       0
                text33                             5530     5530       58     2A98       0
                text32                             64F8     64F8      24E     327C       0
                text31                             5300     5300       2A     2980       0
                text30                             532A     532A       2A     2995       0
                text29                             5436     5436       4E     2A1B       0
                text28                             5FBC     5FBC      16C     2FDE       0
                text27                             57C2     57C2       A6     2BE1       0
                text26                             6994     6994      4C0     34CA       0
                text25                             5B08     5B08      104     2D84       0
                text24                             5354     5354       30     29AA       0
                text23                             527C     527C        2     293E       0
                text22                             53F4     53F4       42     29FA       0
                text21                             5588     5588       5A     2AC4       0
                text20                             529E     529E       1E     294F       0
                text19                             52DA     52DA       26     296D       0
                text18                             6746     6746      24E     33A3       0
                text17                             53B6     53B6       3E     29DB       0
                text16                             5868     5868       B4     2C34       0
                text15                             52BC     52BC       1E     295E       0
                text14                             5484     5484       56     2A42       0
                text13                             5C0C     5C0C      110     2E06       0
                text12                             591C     591C       F6     2C8E       0
                text11                             5A12     5A12       F6     2D09       0
                text10                             5E52     5E52      16A     2F29       0
                text9                              5D1C     5D1C      136     2E8E       0
                text8                              527E     527E        A     293F       0
                text7                              56BA     56BA       78     2B5D       0
                text6                              6128     6128      1C0     3094       0
                text5                              7500     7500      8BA     3A80       0
                text4                              5732     5732       90     2B99       0
                text3                              62E8     62E8      210     3174       0
                text2                              5384     5384       32     29C2       0
                text1                              54DA     54DA       56     2A6D       0
                text0                              6E54     6E54      6AC     372A       0
                cstackCOMRAM                          1        1       39        1       1
                bssCOMRAM                            3A       3A        C        1       1
                cinit                              5288     5288       16     2944       0

TOTAL           Name                               Link     Load   Length     Space
        CLASS   STACK          

        CLASS   CODE           
                init                                  0        0        4         0
                text35                             5646     5646       74         0
                text34                             55E2     55E2       64         0
                text33                             5530     5530       58         0
                text32                             64F8     64F8      24E         0
                text31                             5300     5300       2A         0
                text30                             532A     532A       2A         0
                text29                             5436     5436       4E         0
                text28                             5FBC     5FBC      16C         0
                text27                             57C2     57C2       A6         0
                text26                             6994     6994      4C0         0
                text25                             5B08     5B08      104         0
                text24                             5354     5354       30         0
                text23                             527C     527C        2         0
                text22                             53F4     53F4       42         0
                text21                             5588     5588       5A         0
                text20                             529E     529E       1E         0
                text19                             52DA     52DA       26         0
                text18                             6746     6746      24E         0
                text17                             53B6     53B6       3E         0
                text16                             5868     5868       B4         0
                text15                             52BC     52BC       1E         0
                text14                             5484     5484       56         0
                text13                             5C0C     5C0C      110         0
                text12                             591C     591C       F6         0
                text11                             5A12     5A12       F6         0
                text10                             5E52     5E52      16A         0
                text9                              5D1C     5D1C      136         0
                text8                              527E     527E        A         0
                text7                              56BA     56BA       78         0
                text6                              6128     6128      1C0         0
                text5                              7500     7500      8BA         0
                text4                              5732     5732       90         0
                text3                              62E8     62E8      210         0
                text2                              5384     5384       32         0
                text1                              54DA     54DA       56         0
                text0                              6E54     6E54      6AC         0
                cinit                              5288     5288       16         0

        CLASS   CONST          

        CLASS   SMALLCONST     

        CLASS   MEDIUMCONST    
                mediumconst                        7DBA     7DBA      246         0

        CLASS   COMRAM         
                cstackCOMRAM                          1        1       39         1
                bssCOMRAM                            3A       3A        C         1

        CLASS   ABS1           

        CLASS   BIGRAM         

        CLASS   RAM            

        CLASS   BANK0          

        CLASS   BANK1          

        CLASS   BANK2          

        CLASS   BANK3          

        CLASS   BANK4          

        CLASS   BANK5          

        CLASS   SFR            

        CLASS   CONFIG         
                config                           300000   300000        E         4

        CLASS   IDLOC          
                idloc                            200000   200000        8         5

        CLASS   EEDATA         

        CLASS   FARRAM         



SEGMENTS        Name                           Load    Length   Top    Selector   Space  Class

                reset_vec                      000000  000004  000004         0       0  CODE    
                cstackCOMRAM                   000001  000045  000046         1       1  COMRAM  
                text23                         00527C  000002  00527E      293E       0  CODE    
                text8                          00527E  00000A  005288      293F       0  CODE    
                cinit                          005288  000016  00529E      2944       0  CODE    
                text20                         00529E  00001E  0052BC      294F       0  CODE    
                text15                         0052BC  00001E  0052DA      295E       0  CODE    
                text19                         0052DA  000026  005300      296D       0  CODE    
                text31                         005300  00002A  00532A      2980       0  CODE    
                text30                         00532A  00002A  005354      2995       0  CODE    
                text24                         005354  000030  005384      29AA       0  CODE    
                text2                          005384  000032  0053B6      29C2       0  CODE    
                text17                         0053B6  00003E  0053F4      29DB       0  CODE    
                text22                         0053F4  000042  005436      29FA       0  CODE    
                text29                         005436  00004E  005484      2A1B       0  CODE    
                text14                         005484  000056  0054DA      2A42       0  CODE    
                text1                          0054DA  000056  005530      2A6D       0  CODE    
                text33                         005530  000058  005588      2A98       0  CODE    
                text21                         005588  00005A  0055E2      2AC4       0  CODE    
                text34                         0055E2  000064  005646      2AF1       0  CODE    
                text35                         005646  000074  0056BA      2B23       0  CODE    
                text7                          0056BA  000078  005732      2B5D       0  CODE    
                text4                          005732  000090  0057C2      2B99       0  CODE    
                text27                         0057C2  0000A6  005868      2BE1       0  CODE    
                text16                         005868  0000B4  00591C      2C34       0  CODE    
                text12                         00591C  0000F6  005A12      2C8E       0  CODE    
                text11                         005A12  0000F6  005B08      2D09       0  CODE    
                text25                         005B08  000104  005C0C      2D84       0  CODE    
                text13                         005C0C  000110  005D1C      2E06       0  CODE    
                text9                          005D1C  000136  005E52      2E8E       0  CODE    
                text10                         005E52  00016A  005FBC      2F29       0  CODE    
                text28                         005FBC  00016C  006128      2FDE       0  CODE    
                text6                          006128  0001C0  0062E8      3094       0  CODE    
                text3                          0062E8  000210  0064F8      3174       0  CODE    
                text32                         0064F8  00024E  006746      327C       0  CODE    
                text18                         006746  00024E  006994      33A3       0  CODE    
                text26                         006994  0004C0  006E54      34CA       0  CODE    
                text0                          006E54  0006AC  007500      372A       0  CODE    
                text5                          007500  0008BA  007DBA      3A80       0  CODE    
                mediumconst                    007DBA  000246  008000      3EDD       0  MEDIUMCO


UNUSED ADDRESS RANGES

        Name                Unused          Largest block    Delta
        BANK0            000080-0000FF               80
        BANK1            000100-0001FF              100
        BANK2            000200-0002FF              100
        BANK3            000300-0003FF              100
        BANK4            000400-0004FF              100
        BANK5            000500-0005FF              100
        BIGRAM           000046-0005FF              5BA
        CODE             000004-00527B             5278
        COMRAM           000046-00007F               3A
        CONST            000004-00527B             5278
        EEDATA           F00000-F000FF              100
        MEDIUMCONST      000600-00527B             4C7C
        RAM              000080-0005FF              100
        SFR              000F80-000FFF               80
        SMALLCONST       000600-00527B              100
        STACK            000080-0005FF              580

                                  Symbol Table

?_NumJogos               cstackCOMRAM 000011
?___fladd                cstackCOMRAM 000001
?___lwdiv                cstackCOMRAM 000001
?___lwmod                cstackCOMRAM 000008
?_digitalRead            cstackCOMRAM 000001
?_kpRead                 cstackCOMRAM 000001
FimDeJogo@c1             cstackCOMRAM 000015
FimDeJogo@c2             cstackCOMRAM 000017
FimDeJogo@t              cstackCOMRAM 000019
Jogada@j                 cstackCOMRAM 000003
Jogador1@t               cstackCOMRAM 000015
Jogador2@t               cstackCOMRAM 000015
NumJogos@ant             cstackCOMRAM 000016
NumJogos@at              cstackCOMRAM 000019
NumJogos@fim             cstackCOMRAM 000018
NumJogos@t               cstackCOMRAM 00001D
NumJogos@tec             cstackCOMRAM 00001B
Placar@c1                cstackCOMRAM 00000F
Placar@c2                cstackCOMRAM 000011
Start@t                  cstackCOMRAM 000015
Versus@j1                cstackCOMRAM 000018
Versus@j2                cstackCOMRAM 000015
Versus@v1                cstackCOMRAM 000019
Versus@v2                cstackCOMRAM 00001A
_ADCON1                  (abs)        000FC1
_FimDeJogo               text13       005C0C
_Jogada                  text4        005732
_Jogador1                text12       00591C
_Jogador2                text11       005A12
_NumJogos                text6        006128
_PORTA                   (abs)        000F80
_PORTB                   (abs)        000F81
_PORTC                   (abs)        000F82
_PORTD                   (abs)        000F83
_PORTE                   (abs)        000F84
_Placar                  text27       0057C2
_PulseClockData          text31       005300
_PulseEnClock            text30       00532A
_Start                   text5        007500
_TRISA                   (abs)        000F92
_TRISB                   (abs)        000F93
_TRISC                   (abs)        000F94
_TRISD                   (abs)        000F95
_TRISE                   (abs)        000F96
_Versus                  text3        0062E8
__HRAM                   (abs)        000000
__Habs1                  abs1         000000
__Hbank0                 bank0        000000
__Hbank1                 bank1        000000
__Hbank2                 bank2        000000
__Hbank3                 bank3        000000
__Hbank4                 bank4        000000
__Hbank5                 bank5        000000
__Hbigbss                bigbss       000000
__Hbigdata               bigdata      000000
__Hbigram                bigram       000000
__Hbss                   bss          000000
__HbssCOMRAM             bssCOMRAM    000000
__Hcinit                 cinit        000000
__Hclrtext               clrtext      000000
__Hcomram                comram       000000
__Hconfig                config       30000E
__Hconst                 const        000000
__HcstackCOMRAM          cstackCOMRAM 000000
__Hdata                  data         000000
__Heeprom_data           eeprom_data  000000
__Hfarbss                farbss       000000
__Hfardata               fardata      000000
__Hibigdata              ibigdata     000000
__Hidata                 idata        000000
__Hidloc                 idloc        200008
__Hifardata              ifardata     000000
__Hinit                  init         000004
__Hintcode               intcode      000000
__Hintcode_body          intcode_body 000000
__Hintcodelo             intcodelo    000000
__Hintentry              intentry     000000
__Hintret                intret       000000
__Hintsave_regs          intsave_regs 000000
__Hirdata                irdata       000000
__Hmediumconst           mediumconst  008000
__HnvFARRAM              nvFARRAM     000000
__Hnvbit                 nvbit        000000
__Hnvrram                nvrram       000000
__Hparam                 rparam       000000
__Hpowerup               powerup      000000
__Hram                   ram          000000
__Hramtop                ramtop       000600
__Hrbit                  rbit         000000
__Hrbss                  rbss         000000
__Hrdata                 rdata        000000
__Hreset_vec             reset_vec    000000
__Hrparam                rparam       000000
__Hsfr                   sfr          000000
__Hsmallconst            smallconst   000000
__Hspace_0               (abs)        008000
__Hspace_1               (abs)        000046
__Hspace_2               (abs)        000000
__Hspace_4               (abs)        60000E
__Hstack                 stack        000000
__Hstruct                struct       000000
__Htemp                  temp         000000
__Htext                  text         000000
__Htext0                 text0        000000
__Htext1                 text1        000000
__Htext10                text10       000000
__Htext11                text11       000000
__Htext12                text12       000000
__Htext13                text13       000000
__Htext14                text14       000000
__Htext15                text15       000000
__Htext16                text16       000000
__Htext17                text17       000000
__Htext18                text18       000000
__Htext19                text19       000000
__Htext2                 text2        000000
__Htext20                text20       000000
__Htext21                text21       000000
__Htext22                text22       000000
__Htext23                text23       000000
__Htext24                text24       000000
__Htext25                text25       000000
__Htext26                text26       000000
__Htext27                text27       000000
__Htext28                text28       000000
__Htext29                text29       000000
__Htext3                 text3        000000
__Htext30                text30       000000
__Htext31                text31       000000
__Htext32                text32       000000
__Htext33                text33       000000
__Htext34                text34       000000
__Htext35                text35       000000
__Htext4                 text4        000000
__Htext5                 text5        000000
__Htext6                 text6        000000
__Htext7                 text7        000000
__Htext8                 text8        000000
__Htext9                 text9        000000
__LRAM                   (abs)        000001
__Labs1                  abs1         000000
__Lbank0                 bank0        000000
__Lbank1                 bank1        000000
__Lbank2                 bank2        000000
__Lbank3                 bank3        000000
__Lbank4                 bank4        000000
__Lbank5                 bank5        000000
__Lbigbss                bigbss       000000
__Lbigdata               bigdata      000000
__Lbigram                bigram       000000
__Lbss                   bss          000000
__LbssCOMRAM             bssCOMRAM    000000
__Lcinit                 cinit        000000
__Lclrtext               clrtext      000000
__Lcomram                comram       000000
__Lconfig                config       000000
__Lconst                 const        000000
__LcstackCOMRAM          cstackCOMRAM 000000
__Ldata                  data         000000
__Leeprom_data           eeprom_data  000000
__Lfarbss                farbss       000000
__Lfardata               fardata      000000
__Libigdata              ibigdata     000000
__Lidata                 idata        000000
__Lidloc                 idloc        000000
__Lifardata              ifardata     000000
__Linit                  init         000000
__Lintcode               intcode      000000
__Lintcode_body          intcode_body 000000
__Lintcodelo             intcodelo    000000
__Lintentry              intentry     000000
__Lintret                intret       000000
__Lintsave_regs          intsave_regs 000000
__Lirdata                irdata       000000
__Lmediumconst           mediumconst  007DBA
__LnvFARRAM              nvFARRAM     000000
__Lnvbit                 nvbit        000000
__Lnvrram                nvrram       000000
__Lparam                 rparam       000000
__Lpowerup               powerup      000000
__Lram                   ram          000000
__Lramtop                ramtop       000600
__Lrbit                  rbit         000000
__Lrbss                  rbss         000000
__Lrdata                 rdata        000000
__Lreset_vec             reset_vec    000000
__Lrparam                rparam       000000
__Lsfr                   sfr          000000
__Lsmallconst            smallconst   000000
__Lspace_0               (abs)        000000
__Lspace_1               (abs)        000000
__Lspace_2               (abs)        000000
__Lspace_4               (abs)        000000
__Lstack                 stack        000000
__Lstruct                struct       000000
__Ltemp                  temp         000000
__Ltext                  text         000000
__Ltext0                 text0        000000
__Ltext1                 text1        000000
__Ltext10                text10       000000
__Ltext11                text11       000000
__Ltext12                text12       000000
__Ltext13                text13       000000
__Ltext14                text14       000000
__Ltext15                text15       000000
__Ltext16                text16       000000
__Ltext17                text17       000000
__Ltext18                text18       000000
__Ltext19                text19       000000
__Ltext2                 text2        000000
__Ltext20                text20       000000
__Ltext21                text21       000000
__Ltext22                text22       000000
__Ltext23                text23       000000
__Ltext24                text24       000000
__Ltext25                text25       000000
__Ltext26                text26       000000
__Ltext27                text27       000000
__Ltext28                text28       000000
__Ltext29                text29       000000
__Ltext3                 text3        000000
__Ltext30                text30       000000
__Ltext31                text31       000000
__Ltext32                text32       000000
__Ltext33                text33       000000
__Ltext34                text34       000000
__Ltext35                text35       000000
__Ltext4                 text4        000000
__Ltext5                 text5        000000
__Ltext6                 text6        000000
__Ltext7                 text7        000000
__Ltext8                 text8        000000
__Ltext9                 text9        000000
__S0                     (abs)        008000
__S1                     (abs)        000046
__S2                     (abs)        000000
__S4                     (abs)        000000
__S5                     (abs)        000000
___fladd                 text26       006994
___fladd@a               cstackCOMRAM 000005
___fladd@aexp            cstackCOMRAM 00000E
___fladd@b               cstackCOMRAM 000001
___fladd@bexp            cstackCOMRAM 00000F
___fladd@grs             cstackCOMRAM 000010
___fladd@signs           cstackCOMRAM 00000D
___flge                  text25       005B08
___flge@ff1              cstackCOMRAM 000001
___flge@ff2              cstackCOMRAM 000005
___inthi_sp              stack        000000
___intlo_sp              stack        000000
___lwdiv                 text35       005646
___lwdiv@counter         cstackCOMRAM 000007
___lwdiv@dividend        cstackCOMRAM 000001
___lwdiv@divisor         cstackCOMRAM 000003
___lwdiv@quotient        cstackCOMRAM 000005
___lwmod                 text34       0055E2
___lwmod@counter         cstackCOMRAM 00000C
___lwmod@dividend        cstackCOMRAM 000008
___lwmod@divisor         cstackCOMRAM 00000A
___param_bank            (abs)        000000
___rparam_used           (abs)        000001
___sp                    stack        000000
__accesstop              (abs)        000080
__activetblptr           (abs)        000002
__end_of_FimDeJogo       text13       005D1C
__end_of_Jogada          text4        0057C2
__end_of_Jogador1        text12       005A12
__end_of_Jogador2        text11       005B08
__end_of_NumJogos        text6        0062E8
__end_of_Placar          text27       005868
__end_of_PulseClockData  text31       00532A
__end_of_PulseEnClock    text30       005354
__end_of_Start           text5        007DBA
__end_of_Versus          text3        0064F8
__end_of___fladd         text26       006E54
__end_of___flge          text25       005C0C
__end_of___lwdiv         text35       0056BA
__end_of___lwmod         text34       005646
__end_of__initialization cinit        005294
__end_of_charKey         mediumconst  007DD5
__end_of_delayMicro      text23       00527E
__end_of_delayMili       text24       005384
__end_of_digitalRead     text10       005FBC
__end_of_digitalWrite    text32       006746
__end_of_kpDebounce      text9        005E52
__end_of_kpInit          text2        0053B6
__end_of_kpRead          text8        005288
__end_of_kpReadKey       text7        005732
__end_of_lcdChar         text15       0052DA
__end_of_lcdCommand      text20       0052BC
__end_of_lcdInit         text16       00591C
__end_of_lcdString       text14       0054DA
__end_of_main            text0        007500
__end_of_pinMode         text18       006994
__end_of_pulseEnablePin  text22       005436
__end_of_pushByte        text21       0055E2
__end_of_pushNibble      text19       005300
__end_of_soInit          text17       0053F4
__end_of_soWrite         text29       005484
__end_of_ssdDigit        text33       005588
__end_of_ssdInit         text1        005530
__end_of_ssdUpdate       text28       006128
__end_of_valor           mediumconst  007DCB
__initialization         cinit        005288
__mediumconst            mediumconst  007DBA
__pbssCOMRAM             bssCOMRAM    00003A
__pcinit                 cinit        005288
__pcstackCOMRAM          cstackCOMRAM 000001
__pmediumconst           mediumconst  007DBA
__ptext0                 text0        006E54
__ptext1                 text1        0054DA
__ptext10                text10       005E52
__ptext11                text11       005A12
__ptext12                text12       00591C
__ptext13                text13       005C0C
__ptext14                text14       005484
__ptext15                text15       0052BC
__ptext16                text16       005868
__ptext17                text17       0053B6
__ptext18                text18       006746
__ptext19                text19       0052DA
__ptext2                 text2        005384
__ptext20                text20       00529E
__ptext21                text21       005588
__ptext22                text22       0053F4
__ptext23                text23       00527C
__ptext24                text24       005354
__ptext25                text25       005B08
__ptext26                text26       006994
__ptext27                text27       0057C2
__ptext28                text28       005FBC
__ptext29                text29       005436
__ptext3                 text3        0062E8
__ptext30                text30       00532A
__ptext31                text31       005300
__ptext32                text32       0064F8
__ptext33                text33       005530
__ptext34                text34       0055E2
__ptext35                text35       005646
__ptext4                 text4        005732
__ptext5                 text5        007500
__ptext6                 text6        006128
__ptext7                 text7        0056BA
__ptext8                 text8        00527E
__ptext9                 text9        005D1C
__ramtop                 ramtop       000600
__size_of_FimDeJogo      (abs)        000000
__size_of_Jogada         (abs)        000000
__size_of_Jogador1       (abs)        000000
__size_of_Jogador2       (abs)        000000
__size_of_NumJogos       (abs)        000000
__size_of_Placar         (abs)        000000
__size_of_PulseClockData (abs)        000000
__size_of_PulseEnClock   (abs)        000000
__size_of_Start          (abs)        000000
__size_of_Versus         (abs)        000000
__size_of___fladd        (abs)        000000
__size_of___flge         (abs)        000000
__size_of___lwdiv        (abs)        000000
__size_of___lwmod        (abs)        000000
__size_of_delayMicro     (abs)        000000
__size_of_delayMili      (abs)        000000
__size_of_digitalRead    (abs)        000000
__size_of_digitalWrite   (abs)        000000
__size_of_kpDebounce     (abs)        000000
__size_of_kpInit         (abs)        000000
__size_of_kpRead         (abs)        000000
__size_of_kpReadKey      (abs)        000000
__size_of_lcdChar        (abs)        000000
__size_of_lcdCommand     (abs)        000000
__size_of_lcdInit        (abs)        000000
__size_of_lcdString      (abs)        000000
__size_of_main           (abs)        000000
__size_of_pinMode        (abs)        000000
__size_of_pulseEnablePin (abs)        000000
__size_of_pushByte       (abs)        000000
__size_of_pushNibble     (abs)        000000
__size_of_soInit         (abs)        000000
__size_of_soWrite        (abs)        000000
__size_of_ssdDigit       (abs)        000000
__size_of_ssdInit        (abs)        000000
__size_of_ssdUpdate      (abs)        000000
__smallconst             smallconst   000000
_charKey                 mediumconst  007DCB
_delayMicro              text23       00527C
_delayMili               text24       005354
_digitalRead             text10       005E52
_digitalWrite            text32       0064F8
_display                 bssCOMRAM    000044
_keys                    bssCOMRAM    00003E
_kpDebounce              text9        005D1C
_kpInit                  text2        005384
_kpRead                  text8        00527E
_kpReadKey               text7        0056BA
_lcdChar                 text15       0052BC
_lcdCommand              text20       00529E
_lcdInit                 text16       005868
_lcdString               text14       005484
_main                    text0        006E54
_pinMode                 text18       006746
_pulseEnablePin          text22       0053F4
_pushByte                text21       005588
_pushNibble              text19       0052DA
_soInit                  text17       0053B6
_soWrite                 text29       005436
_ssdDigit                text33       005530
_ssdInit                 text1        0054DA
_ssdUpdate               text28       005FBC
_v0                      bssCOMRAM    000043
_v1                      bssCOMRAM    000042
_v2                      bssCOMRAM    000041
_v3                      bssCOMRAM    000040
_valor                   mediumconst  007DBB
delayMicro@a             cstackCOMRAM 000001
delayMili@a              cstackCOMRAM 000001
delayMili@i              cstackCOMRAM 000004
digitalRead@pin          cstackCOMRAM 000001
digitalWrite@pin         cstackCOMRAM 000001
digitalWrite@value       cstackCOMRAM 000003
end_of_initialization    cinit        005294
intlevel0                text         000000
intlevel1                text         000000
intlevel2                text         000000
intlevel3                text         000000
isa$std                  (abs)        000001
isa$xinst                (abs)        000000
kpDebounce@i             cstackCOMRAM 00000D
kpDebounce@newRead       bssCOMRAM    00003C
kpDebounce@oldRead       bssCOMRAM    00003A
kpDebounce@tempo         bssCOMRAM    000045
kpReadKey@i              cstackCOMRAM 000004
lcdChar@value            cstackCOMRAM 00000E
lcdCommand@value         cstackCOMRAM 00000E
lcdString@i              cstackCOMRAM 000013
lcdString@msg            cstackCOMRAM 00000F
main@ant                 cstackCOMRAM 00002D
main@atual               cstackCOMRAM 000032
main@c1                  cstackCOMRAM 000028
main@c2                  cstackCOMRAM 00002A
main@cont                cstackCOMRAM 00002C
main@final               cstackCOMRAM 000026
main@j1                  cstackCOMRAM 000024
main@j2                  cstackCOMRAM 000025
main@partida             cstackCOMRAM 000030
main@slot                cstackCOMRAM 00002F
main@t                   cstackCOMRAM 000036
main@tecla               cstackCOMRAM 000034
pinMode@pin              cstackCOMRAM 000001
pinMode@type             cstackCOMRAM 000003
pushByte@rs              cstackCOMRAM 00000A
pushByte@value           cstackCOMRAM 00000D
pushNibble@rs            cstackCOMRAM 00000A
pushNibble@value         cstackCOMRAM 00000C
soWrite@i                cstackCOMRAM 000009
soWrite@value            cstackCOMRAM 000007
ssdDigit@pos             cstackCOMRAM 00000D
ssdDigit@val             cstackCOMRAM 00000E
stackhi                  (abs)        0005FF
stacklo                  (abs)        000080
start                    init         000000
start_initialization     cinit        005288


MODULE INFORMATION

Module		Function		Class		Link	Load	Size
ssd.c
		_ssdInit       		CODE           	54DA	0000	86
		_ssdDigit      		CODE           	5530	0000	88
		_ssdUpdate     		CODE           	5FBC	0000	364

ssd.c estimated size: 538

C:\Program Files\Microchip\xc8\v2.32\pic\sources\c99\common\sprcadd.c
		___fladd       		CODE           	6994	0000	1216

C:\Program Files\Microchip\xc8\v2.32\pic\sources\c99\common\sprcadd.c estimated size: 1216

keypad.c
		_kpInit        		CODE           	5384	0000	50
		_kpReadKey     		CODE           	56BA	0000	120
		_kpDebounce    		CODE           	5D1C	0000	310
		_kpRead        		CODE           	527E	0000	10

keypad.c estimated size: 490

so.c
		_soInit        		CODE           	53B6	0000	62
		_soWrite       		CODE           	5436	0000	78
		_PulseEnClock  		CODE           	532A	0000	42
		_PulseClockData		CODE           	5300	0000	42

so.c estimated size: 224

io.c
		_digitalRead   		CODE           	5E52	0000	362
		_digitalWrite  		CODE           	64F8	0000	590
		_pinMode       		CODE           	6746	0000	590

io.c estimated size: 1542

C:\Program Files\Microchip\xc8\v2.32\pic\sources\c99\common\lwmod.c
		___lwmod       		CODE           	55E2	0000	100

C:\Program Files\Microchip\xc8\v2.32\pic\sources\c99\common\lwmod.c estimated size: 100

shared
		_valor         		MEDIUMCONST    	7DBB	0000	16
		_charKey       		MEDIUMCONST    	7DCB	0000	10
		__initialization		CODE           	5288	0000	12

shared estimated size: 38

C:\Program Files\Microchip\xc8\v2.32\pic\sources\c99\common\lwdiv.c
		___lwdiv       		CODE           	5646	0000	116

C:\Program Files\Microchip\xc8\v2.32\pic\sources\c99\common\lwdiv.c estimated size: 116

lcd.c
		_lcdCommand    		CODE           	529E	0000	30
		_lcdChar       		CODE           	52BC	0000	30
		_lcdString     		CODE           	5484	0000	86
		_pulseEnablePin		CODE           	53F4	0000	66
		_pushByte      		CODE           	5588	0000	90
		_pushNibble    		CODE           	52DA	0000	38
		_lcdInit       		CODE           	5868	0000	180
		_delayMili     		CODE           	5354	0000	48
		_delayMicro    		CODE           	527C	0000	2

lcd.c estimated size: 570

main.c
		_main          		CODE           	6E54	0000	1708
		_NumJogos      		CODE           	6128	0000	448
		_Start         		CODE           	7500	0000	2234
		_Jogada        		CODE           	5732	0000	144
		_Versus        		CODE           	62E8	0000	528
		_FimDeJogo     		CODE           	5C0C	0000	272
		_Placar        		CODE           	57C2	0000	166
		_Jogador1      		CODE           	591C	0000	246
		_Jogador2      		CODE           	5A12	0000	246

main.c estimated size: 5992

C:\Program Files\Microchip\xc8\v2.32\pic\sources\c99\common\flge.c
		___flge        		CODE           	5B08	0000	260

C:\Program Files\Microchip\xc8\v2.32\pic\sources\c99\common\flge.c estimated size: 260

